{
  "auths":{
    "mydockerhub.com": {
        "auth": "ZG9ja2VydXNlcjpkb2NrZXJwYXNzd29yZA==",
        "email": "dockeremail"
    }
  },

  "credHelpers": {
      "gcr.io": "gcr",
      "us.gcr.io": "gcr",
      "eu.gcr.io": "gcr",
      "asia.gcr.io": "gcr",
      "staging-k8s.gcr.io": "gcr"
  }
}